# Mercator Vitals M-7 Firmware Event Log — MV7-ICU-2208-0047 (wave3)
# Exported: 2026-06-14T23:59:00Z

2026-06-14T21:00:04Z [INFO] DRUG_PROFILE: norepinephrine unit=mcg/h rate=1.2 status=ACTIVE
2026-06-14T21:01:28Z [INFO] DRUG_PROFILE: norepinephrine unit=mcg/h rate=1.2 status=ACTIVE
2026-06-14T21:02:54Z [INFO] DISPLAY: LCD refresh OK
2026-06-14T21:03:59Z [INFO] NET: HL7 feed acknowledged by HIS
2026-06-14T21:04:36Z [INFO] ALARM: none
2026-06-14T21:05:18Z [INFO] FW=2.18.3 heartbeat OK; pump rate stable
2026-06-14T21:06:33Z [INFO] NET: HL7 feed acknowledged by HIS
2026-06-14T21:07:01Z [WARN] DRUG_PROFILE: norepinephrine unit=mcg/h rate=1.2 status=ACTIVE
2026-06-14T21:08:12Z [INFO] FW=2.18.3 heartbeat OK; pump rate stable
2026-06-14T21:09:36Z [WARN] DRUG_PROFILE: norepinephrine unit=mcg/h rate=1.2 status=ACTIVE
2026-06-14T21:10:02Z [INFO] SYS: watchdog reset; uptime=9h
2026-06-14T21:11:29Z [WARN] NET: HL7 feed acknowledged by HIS
2026-06-14T21:12:50Z [INFO] DRUG_PROFILE: norepinephrine unit=mcg/h rate=1.2 status=ACTIVE
2026-06-14T21:13:53Z [INFO] AUDIT: parameter check passed
2026-06-14T21:14:35Z [INFO] DRUG_PROFILE: norepinephrine unit=mcg/h rate=1.2 status=ACTIVE
2026-06-14T21:15:53Z [INFO] SYS: watchdog reset; uptime=41h
2026-06-14T21:16:18Z [INFO] DISPLAY: LCD refresh OK
2026-06-14T21:17:11Z [INFO] DISPLAY: LCD refresh OK
2026-06-14T21:18:14Z [WARN] SENSOR: flow meter reading within range
2026-06-14T21:19:20Z [WARN] FW=2.18.3 heartbeat OK; pump rate stable
2026-06-14T21:20:32Z [WARN] AUDIT: parameter check passed
2026-06-14T21:21:07Z [INFO] DISPLAY: LCD refresh OK
2026-06-14T21:22:34Z [INFO] DISPLAY: LCD refresh OK
2026-06-14T21:23:30Z [INFO] DRUG_PROFILE: norepinephrine unit=mcg/h rate=1.2 status=ACTIVE
2026-06-14T21:24:26Z [INFO] NET: HL7 feed acknowledged by HIS
2026-06-14T21:25:37Z [INFO] SYS: watchdog reset; uptime=21h
2026-06-14T21:26:54Z [WARN] NET: HL7 feed acknowledged by HIS
2026-06-14T21:27:40Z [INFO] SYS: watchdog reset; uptime=7h
2026-06-14T21:28:30Z [WARN] ALARM: none
2026-06-14T21:29:11Z [INFO] AUDIT: parameter check passed
2026-06-14T21:30:36Z [INFO] ALARM: none
2026-06-14T21:31:31Z [INFO] DRUG_PROFILE: norepinephrine unit=mcg/h rate=1.2 status=ACTIVE
2026-06-14T21:32:45Z [INFO] FW=2.18.3 heartbeat OK; pump rate stable
2026-06-14T21:33:13Z [INFO] NET: HL7 feed acknowledged by HIS
2026-06-14T21:34:18Z [WARN] ALARM: none
2026-06-14T21:35:20Z [INFO] NET: HL7 feed acknowledged by HIS
2026-06-14T21:36:21Z [WARN] SYS: watchdog reset; uptime=9h
2026-06-14T21:37:49Z [WARN] AUDIT: parameter check passed
2026-06-14T21:38:31Z [INFO] FW=2.18.3 heartbeat OK; pump rate stable
2026-06-14T21:39:37Z [WARN] AUDIT: parameter check passed
2026-06-14T21:40:56Z [INFO] DRUG_PROFILE: norepinephrine unit=mcg/h rate=1.2 status=ACTIVE
2026-06-14T21:41:42Z [INFO] NET: HL7 feed acknowledged by HIS
2026-06-14T21:42:59Z [INFO] NET: HL7 feed acknowledged by HIS
2026-06-14T21:43:06Z [INFO] AUDIT: parameter check passed
2026-06-14T21:44:11Z [INFO] SYS: watchdog reset; uptime=27h
2026-06-14T21:45:43Z [INFO] DISPLAY: LCD refresh OK
2026-06-14T21:46:30Z [INFO] ALARM: none
2026-06-14T21:47:32Z [WARN] FW=2.18.3 heartbeat OK; pump rate stable
2026-06-14T21:48:50Z [WARN] NET: HL7 feed acknowledged by HIS
2026-06-14T21:49:03Z [INFO] ALARM: none
2026-06-14T21:50:44Z [INFO] SYS: watchdog reset; uptime=17h
2026-06-14T21:51:19Z [INFO] DISPLAY: LCD refresh OK
2026-06-14T21:52:33Z [WARN] FW=2.18.3 heartbeat OK; pump rate stable
2026-06-14T21:53:49Z [INFO] NET: HL7 feed acknowledged by HIS
2026-06-14T21:54:30Z [INFO] SENSOR: flow meter reading within range
2026-06-14T21:55:57Z [INFO] SENSOR: flow meter reading within range
2026-06-14T21:56:00Z [INFO] DRUG_PROFILE: norepinephrine unit=mcg/h rate=1.2 status=ACTIVE
2026-06-14T21:57:20Z [INFO] FW=2.18.3 heartbeat OK; pump rate stable
2026-06-14T21:58:48Z [INFO] FW=2.18.3 heartbeat OK; pump rate stable
2026-06-14T21:59:14Z [INFO] DISPLAY: LCD refresh OK
2026-06-14T22:00:14Z [WARN] SENSOR: flow meter reading within range
2026-06-14T22:01:41Z [INFO] FW=2.18.3 heartbeat OK; pump rate stable
2026-06-14T22:02:49Z [INFO] ALARM: none
2026-06-14T22:03:02Z [INFO] SYS: watchdog reset; uptime=35h
2026-06-14T22:04:46Z [INFO] ALARM: none
2026-06-14T22:05:56Z [INFO] AUDIT: parameter check passed
2026-06-14T22:06:09Z [WARN] AUDIT: parameter check passed
2026-06-14T22:07:41Z [INFO] DISPLAY: LCD refresh OK
2026-06-14T22:08:08Z [INFO] SENSOR: flow meter reading within range
2026-06-14T22:09:21Z [WARN] FW=2.18.3 heartbeat OK; pump rate stable
2026-06-14T22:10:06Z [INFO] DRUG_PROFILE: norepinephrine unit=mcg/h rate=1.2 status=ACTIVE
2026-06-14T22:11:03Z [INFO] DRUG_PROFILE: norepinephrine unit=mcg/h rate=1.2 status=ACTIVE
2026-06-14T22:12:27Z [WARN] DRUG_PROFILE: norepinephrine unit=mcg/h rate=1.2 status=ACTIVE
2026-06-14T22:13:05Z [INFO] ALARM: none
2026-06-14T22:14:57Z [INFO] DISPLAY: LCD refresh OK
2026-06-14T22:15:14Z [INFO] SENSOR: flow meter reading within range
2026-06-14T22:16:03Z [INFO] SYS: watchdog reset; uptime=14h
2026-06-14T22:17:27Z [INFO] DRUG_PROFILE: norepinephrine unit=mcg/h rate=1.2 status=ACTIVE
2026-06-14T22:18:50Z [INFO] AUDIT: parameter check passed
2026-06-14T22:19:30Z [INFO] DRUG_PROFILE: norepinephrine unit=mcg/h rate=1.2 status=ACTIVE
2026-06-14T22:20:09Z [INFO] ALARM: none
2026-06-14T22:21:10Z [INFO] SYS: watchdog reset; uptime=37h
2026-06-14T22:22:45Z [INFO] FW=2.18.3 heartbeat OK; pump rate stable
2026-06-14T22:23:58Z [INFO] DISPLAY: LCD refresh OK
2026-06-14T22:24:44Z [INFO] NET: HL7 feed acknowledged by HIS
2026-06-14T22:25:25Z [INFO] ALARM: none
2026-06-14T22:26:16Z [INFO] FW=2.18.3 heartbeat OK; pump rate stable
2026-06-14T22:27:04Z [INFO] FW=2.18.3 heartbeat OK; pump rate stable
2026-06-14T22:28:59Z [INFO] AUDIT: parameter check passed
2026-06-14T22:29:16Z [INFO] SENSOR: flow meter reading within range
2026-06-14T22:30:38Z [INFO] FW=2.18.3 heartbeat OK; pump rate stable
2026-06-14T22:31:27Z [INFO] SENSOR: flow meter reading within range
2026-06-14T22:32:53Z [WARN] SENSOR: flow meter reading within range
2026-06-14T22:33:51Z [INFO] NET: HL7 feed acknowledged by HIS
2026-06-14T22:34:41Z [INFO] DRUG_PROFILE: norepinephrine unit=mcg/h rate=1.2 status=ACTIVE
2026-06-14T22:35:17Z [WARN] FW=2.18.3 heartbeat OK; pump rate stable
2026-06-14T22:36:14Z [INFO] FW=2.18.3 heartbeat OK; pump rate stable
2026-06-14T22:37:54Z [INFO] DISPLAY: LCD refresh OK
2026-06-14T22:38:47Z [INFO] DRUG_PROFILE: norepinephrine unit=mcg/h rate=1.2 status=ACTIVE
2026-06-14T22:39:17Z [WARN] ALARM: none
2026-06-14T22:40:08Z [INFO] DRUG_PROFILE: norepinephrine unit=mcg/h rate=1.2 status=ACTIVE
2026-06-14T22:41:59Z [INFO] FW=2.18.3 heartbeat OK; pump rate stable
2026-06-14T22:42:22Z [INFO] AUDIT: parameter check passed
2026-06-14T22:43:23Z [INFO] DISPLAY: LCD refresh OK
2026-06-14T22:44:08Z [INFO] DISPLAY: LCD refresh OK
2026-06-14T22:45:31Z [INFO] DRUG_PROFILE: norepinephrine unit=mcg/h rate=1.2 status=ACTIVE
2026-06-14T22:46:39Z [INFO] DRUG_PROFILE: norepinephrine unit=mcg/h rate=1.2 status=ACTIVE
2026-06-14T22:47:27Z [INFO] DISPLAY: LCD refresh OK
2026-06-14T22:48:12Z [INFO] FW=2.18.3 heartbeat OK; pump rate stable
2026-06-14T22:49:18Z [INFO] SYS: watchdog reset; uptime=17h
2026-06-14T22:50:28Z [INFO] SENSOR: flow meter reading within range
2026-06-14T22:51:41Z [INFO] SYS: watchdog reset; uptime=40h
2026-06-14T22:52:10Z [INFO] FW=2.18.3 heartbeat OK; pump rate stable
2026-06-14T22:53:17Z [INFO] SYS: watchdog reset; uptime=44h
2026-06-14T22:54:19Z [INFO] FW=2.18.3 heartbeat OK; pump rate stable
2026-06-14T22:55:35Z [INFO] DISPLAY: LCD refresh OK
2026-06-14T22:56:28Z [INFO] NET: HL7 feed acknowledged by HIS
2026-06-14T22:57:49Z [INFO] NET: HL7 feed acknowledged by HIS
2026-06-14T22:58:39Z [INFO] DISPLAY: LCD refresh OK
2026-06-14T22:59:04Z [INFO] SYS: watchdog reset; uptime=20h
2026-06-14T23:00:53Z [INFO] FW=2.18.3 heartbeat OK; pump rate stable
2026-06-14T23:01:30Z [INFO] DRUG_PROFILE: norepinephrine unit=mcg/h rate=1.2 status=ACTIVE
2026-06-14T23:02:06Z [INFO] SYS: watchdog reset; uptime=33h
2026-06-14T23:03:40Z [INFO] SENSOR: flow meter reading within range
2026-06-14T23:04:35Z [INFO] SYS: watchdog reset; uptime=22h
2026-06-14T23:05:02Z [INFO] NET: HL7 feed acknowledged by HIS
2026-06-14T23:06:42Z [INFO] AUDIT: parameter check passed
2026-06-14T23:07:56Z [WARN] DISPLAY: LCD refresh OK
2026-06-14T23:08:31Z [INFO] ALARM: none
2026-06-14T23:09:39Z [INFO] NET: HL7 feed acknowledged by HIS
2026-06-14T23:10:36Z [INFO] DISPLAY: LCD refresh OK
2026-06-14T23:11:39Z [INFO] DISPLAY: LCD refresh OK
2026-06-14T23:12:23Z [INFO] DRUG_PROFILE: norepinephrine unit=mcg/h rate=1.2 status=ACTIVE
2026-06-14T23:13:11Z [INFO] SENSOR: flow meter reading within range
2026-06-14T23:14:34Z [INFO] SENSOR: flow meter reading within range
2026-06-14T23:15:33Z [INFO] SYS: watchdog reset; uptime=22h
2026-06-14T23:16:58Z [INFO] DISPLAY: LCD refresh OK
2026-06-14T23:17:16Z [INFO] FW=2.18.3 heartbeat OK; pump rate stable
2026-06-14T23:18:45Z [INFO] FW=2.18.3 heartbeat OK; pump rate stable
2026-06-14T23:19:36Z [INFO] AUDIT: parameter check passed
2026-06-14T23:20:25Z [INFO] ALARM: none
2026-06-14T23:21:44Z [INFO] NET: HL7 feed acknowledged by HIS
2026-06-14T23:22:30Z [INFO] ALARM: none
2026-06-14T23:23:55Z [INFO] ALARM: none
2026-06-14T23:24:31Z [INFO] DISPLAY: LCD refresh OK
2026-06-14T23:25:41Z [INFO] DISPLAY: LCD refresh OK
2026-06-14T23:26:39Z [INFO] DRUG_PROFILE: norepinephrine unit=mcg/h rate=1.2 status=ACTIVE
2026-06-14T23:27:55Z [WARN] DRUG_PROFILE: norepinephrine unit=mcg/h rate=1.2 status=ACTIVE
2026-06-14T23:28:14Z [INFO] ALARM: none
2026-06-14T23:29:27Z [WARN] DRUG_PROFILE: norepinephrine unit=mcg/h rate=1.2 status=ACTIVE
2026-06-14T23:30:32Z [INFO] DISPLAY: LCD refresh OK
2026-06-14T23:31:51Z [INFO] ALARM: none
2026-06-14T23:32:05Z [INFO] FW=2.18.3 heartbeat OK; pump rate stable
2026-06-14T23:33:23Z [INFO] SENSOR: flow meter reading within range
2026-06-14T23:34:15Z [INFO] DRUG_PROFILE: norepinephrine unit=mcg/h rate=1.2 status=ACTIVE
2026-06-14T23:35:55Z [INFO] SENSOR: flow meter reading within range
2026-06-14T23:36:03Z [INFO] DRUG_PROFILE: norepinephrine unit=mcg/h rate=1.2 status=ACTIVE
2026-06-14T23:37:17Z [WARN] DISPLAY: LCD refresh OK
2026-06-14T23:38:00Z [INFO] SENSOR: flow meter reading within range
2026-06-14T23:39:12Z [INFO] ALARM: none
2026-06-14T23:40:43Z [INFO] ALARM: none
2026-06-14T23:41:54Z [INFO] ALARM: none
2026-06-14T23:42:20Z [INFO] DRUG_PROFILE: norepinephrine unit=mcg/h rate=1.2 status=ACTIVE
2026-06-14T23:43:58Z [INFO] DRUG_PROFILE: norepinephrine unit=mcg/h rate=1.2 status=ACTIVE
2026-06-14T23:44:16Z [INFO] DRUG_PROFILE: norepinephrine unit=mcg/h rate=1.2 status=ACTIVE
2026-06-14T23:45:21Z [INFO] FW=2.18.3 heartbeat OK; pump rate stable
2026-06-14T23:46:28Z [WARN] AUDIT: parameter check passed
2026-06-14T23:47:37Z [WARN] AUDIT: parameter check passed
2026-06-14T23:48:40Z [INFO] SENSOR: flow meter reading within range
2026-06-14T23:49:52Z [INFO] FW=2.18.3 heartbeat OK; pump rate stable
2026-06-14T23:50:34Z [INFO] AUDIT: parameter check passed
2026-06-14T23:51:34Z [WARN] FW=2.18.3 heartbeat OK; pump rate stable
2026-06-14T23:52:22Z [INFO] DISPLAY: LCD refresh OK
2026-06-14T23:53:19Z [INFO] SENSOR: flow meter reading within range
2026-06-14T23:54:06Z [INFO] FW=2.18.3 heartbeat OK; pump rate stable
2026-06-14T23:55:17Z [INFO] AUDIT: parameter check passed
2026-06-14T23:56:56Z [INFO] FW=2.18.3 heartbeat OK; pump rate stable
2026-06-14T23:57:55Z [INFO] DRUG_PROFILE: norepinephrine unit=mcg/h rate=1.2 status=ACTIVE
2026-06-14T23:58:17Z [INFO] DISPLAY: LCD refresh OK
2026-06-14T23:59:31Z [INFO] SYS: watchdog reset; uptime=3h
2026-06-14T00:00:03Z [INFO] FW=2.18.3 heartbeat OK; pump rate stable
2026-06-14T00:01:58Z [INFO] AUDIT: parameter check passed
2026-06-14T00:02:31Z [INFO] DRUG_PROFILE: norepinephrine unit=mcg/h rate=1.2 status=ACTIVE
2026-06-14T00:03:43Z [INFO] AUDIT: parameter check passed
2026-06-14T00:04:54Z [INFO] ALARM: none
2026-06-14T00:05:32Z [WARN] AUDIT: parameter check passed
2026-06-14T00:06:38Z [INFO] AUDIT: parameter check passed
2026-06-14T00:07:51Z [WARN] SENSOR: flow meter reading within range
2026-06-14T00:08:35Z [WARN] DISPLAY: LCD refresh OK
2026-06-14T00:09:20Z [WARN] FW=2.18.3 heartbeat OK; pump rate stable
2026-06-14T00:10:30Z [INFO] DRUG_PROFILE: norepinephrine unit=mcg/h rate=1.2 status=ACTIVE
2026-06-14T00:11:46Z [INFO] NET: HL7 feed acknowledged by HIS
2026-06-14T00:12:07Z [INFO] FW=2.18.3 heartbeat OK; pump rate stable
2026-06-14T00:13:00Z [INFO] AUDIT: parameter check passed
2026-06-14T00:14:53Z [WARN] SENSOR: flow meter reading within range
2026-06-14T00:15:06Z [INFO] FW=2.18.3 heartbeat OK; pump rate stable
2026-06-14T00:16:44Z [INFO] NET: HL7 feed acknowledged by HIS
2026-06-14T00:17:13Z [INFO] DRUG_PROFILE: norepinephrine unit=mcg/h rate=1.2 status=ACTIVE
2026-06-14T00:18:37Z [INFO] SENSOR: flow meter reading within range
2026-06-14T00:19:59Z [INFO] ALARM: none
2026-06-14T00:20:47Z [INFO] FW=2.18.3 heartbeat OK; pump rate stable
2026-06-14T00:21:43Z [WARN] ALARM: none
2026-06-14T00:22:27Z [INFO] AUDIT: parameter check passed
2026-06-14T00:23:43Z [INFO] DISPLAY: LCD refresh OK
2026-06-14T00:24:48Z [INFO] FW=2.18.3 heartbeat OK; pump rate stable
2026-06-14T00:25:42Z [INFO] DISPLAY: LCD refresh OK
2026-06-14T00:26:22Z [INFO] NET: HL7 feed acknowledged by HIS
2026-06-14T00:27:17Z [INFO] AUDIT: parameter check passed
2026-06-14T00:28:31Z [WARN] SENSOR: flow meter reading within range
2026-06-14T00:29:06Z [INFO] NET: HL7 feed acknowledged by HIS
2026-06-14T00:30:14Z [INFO] SYS: watchdog reset; uptime=47h
2026-06-14T00:31:27Z [WARN] ALARM: none
2026-06-14T00:32:47Z [INFO] NET: HL7 feed acknowledged by HIS
2026-06-14T00:33:59Z [WARN] SENSOR: flow meter reading within range
2026-06-14T00:34:12Z [INFO] ALARM: none
2026-06-14T00:35:22Z [WARN] DRUG_PROFILE: norepinephrine unit=mcg/h rate=1.2 status=ACTIVE
2026-06-14T00:36:02Z [INFO] DISPLAY: LCD refresh OK
2026-06-14T00:37:23Z [WARN] NET: HL7 feed acknowledged by HIS
2026-06-14T00:38:46Z [INFO] ALARM: none
2026-06-14T00:39:37Z [INFO] DISPLAY: LCD refresh OK
2026-06-14T00:40:41Z [INFO] SYS: watchdog reset; uptime=19h
2026-06-14T00:41:48Z [INFO] DRUG_PROFILE: norepinephrine unit=mcg/h rate=1.2 status=ACTIVE
2026-06-14T00:42:18Z [INFO] ALARM: none
2026-06-14T00:43:57Z [WARN] FW=2.18.3 heartbeat OK; pump rate stable
2026-06-14T00:44:44Z [INFO] DISPLAY: LCD refresh OK
2026-06-14T00:45:48Z [INFO] FW=2.18.3 heartbeat OK; pump rate stable
2026-06-14T00:46:52Z [WARN] NET: HL7 feed acknowledged by HIS
2026-06-14T00:47:39Z [INFO] FW=2.18.3 heartbeat OK; pump rate stable
2026-06-14T00:48:29Z [INFO] DISPLAY: LCD refresh OK
2026-06-14T00:49:00Z [INFO] FW=2.18.3 heartbeat OK; pump rate stable
2026-06-14T00:50:50Z [INFO] SYS: watchdog reset; uptime=26h
2026-06-14T00:51:49Z [WARN] SENSOR: flow meter reading within range
2026-06-14T00:52:29Z [INFO] AUDIT: parameter check passed
2026-06-14T00:53:56Z [INFO] FW=2.18.3 heartbeat OK; pump rate stable
2026-06-14T00:54:29Z [WARN] DRUG_PROFILE: norepinephrine unit=mcg/h rate=1.2 status=ACTIVE
2026-06-14T00:55:26Z [INFO] FW=2.18.3 heartbeat OK; pump rate stable
2026-06-14T00:56:59Z [INFO] SENSOR: flow meter reading within range
2026-06-14T00:57:08Z [INFO] DISPLAY: LCD refresh OK
2026-06-14T00:58:13Z [INFO] NET: HL7 feed acknowledged by HIS
2026-06-14T00:59:29Z [INFO] FW=2.18.3 heartbeat OK; pump rate stable
2026-06-14T01:00:51Z [INFO] SENSOR: flow meter reading within range
2026-06-14T01:01:04Z [INFO] ALARM: none
2026-06-14T01:02:03Z [INFO] ALARM: none
2026-06-14T01:03:06Z [INFO] FW=2.18.3 heartbeat OK; pump rate stable
2026-06-14T01:04:00Z [WARN] SENSOR: flow meter reading within range
2026-06-14T01:05:26Z [INFO] SENSOR: flow meter reading within range
2026-06-14T01:06:50Z [INFO] AUDIT: parameter check passed
2026-06-14T01:07:43Z [INFO] AUDIT: parameter check passed
2026-06-14T01:08:26Z [WARN] SENSOR: flow meter reading within range
2026-06-14T01:09:27Z [INFO] NET: HL7 feed acknowledged by HIS
2026-06-14T01:10:01Z [INFO] ALARM: none
2026-06-14T01:11:04Z [INFO] DRUG_PROFILE: norepinephrine unit=mcg/h rate=1.2 status=ACTIVE
2026-06-14T01:12:28Z [INFO] AUDIT: parameter check passed
2026-06-14T01:13:54Z [INFO] AUDIT: parameter check passed
2026-06-14T01:14:20Z [INFO] DISPLAY: LCD refresh OK
2026-06-14T01:15:16Z [INFO] ALARM: none
2026-06-14T01:16:53Z [INFO] ALARM: none
2026-06-14T01:17:11Z [WARN] AUDIT: parameter check passed
2026-06-14T01:18:36Z [INFO] SENSOR: flow meter reading within range
2026-06-14T01:19:55Z [WARN] DRUG_PROFILE: norepinephrine unit=mcg/h rate=1.2 status=ACTIVE
2026-06-14T01:20:58Z [INFO] FW=2.18.3 heartbeat OK; pump rate stable
2026-06-14T01:21:39Z [INFO] SENSOR: flow meter reading within range
2026-06-14T01:22:15Z [INFO] ALARM: none
2026-06-14T01:23:04Z [WARN] DISPLAY: LCD refresh OK
2026-06-14T01:24:32Z [INFO] ALARM: none
2026-06-14T01:25:44Z [WARN] FW=2.18.3 heartbeat OK; pump rate stable
2026-06-14T01:26:54Z [INFO] NET: HL7 feed acknowledged by HIS
2026-06-14T01:27:13Z [WARN] DRUG_PROFILE: norepinephrine unit=mcg/h rate=1.2 status=ACTIVE
2026-06-14T01:28:59Z [INFO] DISPLAY: LCD refresh OK
2026-06-14T01:29:41Z [WARN] NET: HL7 feed acknowledged by HIS
2026-06-14T01:30:52Z [INFO] FW=2.18.3 heartbeat OK; pump rate stable
2026-06-14T01:31:19Z [INFO] ALARM: none
2026-06-14T01:32:13Z [INFO] AUDIT: parameter check passed
2026-06-14T01:33:56Z [INFO] FW=2.18.3 heartbeat OK; pump rate stable
2026-06-14T01:34:43Z [INFO] NET: HL7 feed acknowledged by HIS
2026-06-14T01:35:41Z [INFO] FW=2.18.3 heartbeat OK; pump rate stable
2026-06-14T01:36:52Z [INFO] NET: HL7 feed acknowledged by HIS
2026-06-14T01:37:05Z [INFO] FW=2.18.3 heartbeat OK; pump rate stable
2026-06-14T01:38:00Z [INFO] SENSOR: flow meter reading within range
2026-06-14T01:39:14Z [WARN] NET: HL7 feed acknowledged by HIS
2026-06-14T01:40:59Z [INFO] ALARM: none
2026-06-14T01:41:55Z [INFO] ALARM: none
2026-06-14T01:42:14Z [INFO] SENSOR: flow meter reading within range
2026-06-14T01:43:46Z [INFO] FW=2.18.3 heartbeat OK; pump rate stable
2026-06-14T01:44:51Z [INFO] DRUG_PROFILE: norepinephrine unit=mcg/h rate=1.2 status=ACTIVE
2026-06-14T01:45:59Z [WARN] DRUG_PROFILE: norepinephrine unit=mcg/h rate=1.2 status=ACTIVE
2026-06-14T01:46:01Z [INFO] FW=2.18.3 heartbeat OK; pump rate stable
2026-06-14T01:47:30Z [INFO] DRUG_PROFILE: norepinephrine unit=mcg/h rate=1.2 status=ACTIVE
2026-06-14T01:48:46Z [INFO] DRUG_PROFILE: norepinephrine unit=mcg/h rate=1.2 status=ACTIVE
2026-06-14T01:49:33Z [INFO] DRUG_PROFILE: norepinephrine unit=mcg/h rate=1.2 status=ACTIVE
2026-06-14T01:50:15Z [INFO] FW=2.18.3 heartbeat OK; pump rate stable
2026-06-14T01:51:56Z [INFO] SENSOR: flow meter reading within range
2026-06-14T01:52:01Z [INFO] DISPLAY: LCD refresh OK
2026-06-14T01:53:28Z [INFO] SYS: watchdog reset; uptime=4h
2026-06-14T01:54:36Z [INFO] SENSOR: flow meter reading within range
2026-06-14T01:55:46Z [INFO] FW=2.18.3 heartbeat OK; pump rate stable
2026-06-14T01:56:31Z [INFO] DRUG_PROFILE: norepinephrine unit=mcg/h rate=1.2 status=ACTIVE
2026-06-14T01:57:59Z [WARN] AUDIT: parameter check passed
2026-06-14T01:58:34Z [INFO] FW=2.18.3 heartbeat OK; pump rate stable
2026-06-14T01:59:37Z [INFO] NET: HL7 feed acknowledged by HIS
2026-06-14T02:00:52Z [INFO] DRUG_PROFILE: norepinephrine unit=mcg/h rate=1.2 status=ACTIVE
2026-06-14T02:01:42Z [INFO] ALARM: none
2026-06-14T02:02:44Z [INFO] AUDIT: parameter check passed
2026-06-14T02:03:23Z [INFO] AUDIT: parameter check passed
2026-06-14T02:04:15Z [INFO] AUDIT: parameter check passed
2026-06-14T02:05:58Z [INFO] DRUG_PROFILE: norepinephrine unit=mcg/h rate=1.2 status=ACTIVE
2026-06-14T02:06:56Z [INFO] ALARM: none
2026-06-14T02:07:28Z [INFO] DRUG_PROFILE: norepinephrine unit=mcg/h rate=1.2 status=ACTIVE
2026-06-14T02:08:48Z [INFO] SYS: watchdog reset; uptime=35h
2026-06-14T02:09:52Z [INFO] DISPLAY: LCD refresh OK
2026-06-14T02:10:35Z [WARN] SYS: watchdog reset; uptime=31h
2026-06-14T02:11:50Z [INFO] FW=2.18.3 heartbeat OK; pump rate stable
2026-06-14T02:12:44Z [INFO] DISPLAY: LCD refresh OK
2026-06-14T02:13:50Z [INFO] FW=2.18.3 heartbeat OK; pump rate stable
2026-06-14T02:14:15Z [INFO] FW=2.18.3 heartbeat OK; pump rate stable
2026-06-14T02:15:01Z [INFO] AUDIT: parameter check passed
2026-06-14T02:16:48Z [INFO] SYS: watchdog reset; uptime=38h
2026-06-14T02:17:55Z [INFO] NET: HL7 feed acknowledged by HIS
2026-06-14T02:18:17Z [INFO] FW=2.18.3 heartbeat OK; pump rate stable
2026-06-14T02:19:42Z [INFO] DISPLAY: LCD refresh OK
2026-06-14T02:20:46Z [INFO] ALARM: none
2026-06-14T02:21:16Z [INFO] NET: HL7 feed acknowledged by HIS
2026-06-14T02:22:28Z [INFO] FW=2.18.3 heartbeat OK; pump rate stable
2026-06-14T02:23:30Z [INFO] DISPLAY: LCD refresh OK
2026-06-14T02:24:52Z [INFO] DISPLAY: LCD refresh OK
2026-06-14T02:25:03Z [INFO] FW=2.18.3 heartbeat OK; pump rate stable
2026-06-14T02:26:58Z [INFO] DISPLAY: LCD refresh OK
2026-06-14T02:27:17Z [INFO] ALARM: none
2026-06-14T02:28:24Z [WARN] ALARM: none
2026-06-14T02:29:41Z [INFO] NET: HL7 feed acknowledged by HIS
2026-06-14T02:30:21Z [INFO] NET: HL7 feed acknowledged by HIS
2026-06-14T02:31:01Z [INFO] AUDIT: parameter check passed
2026-06-14T02:32:56Z [WARN] DISPLAY: LCD refresh OK
2026-06-14T02:33:33Z [WARN] DRUG_PROFILE: norepinephrine unit=mcg/h rate=1.2 status=ACTIVE
2026-06-14T02:34:25Z [INFO] SENSOR: flow meter reading within range
2026-06-14T02:35:25Z [INFO] NET: HL7 feed acknowledged by HIS
2026-06-14T02:36:15Z [INFO] AUDIT: parameter check passed
2026-06-14T02:37:00Z [INFO] ALARM: none
2026-06-14T02:38:06Z [INFO] AUDIT: parameter check passed
2026-06-14T02:39:59Z [WARN] NET: HL7 feed acknowledged by HIS
2026-06-14T02:40:28Z [INFO] ALARM: none
2026-06-14T02:41:22Z [INFO] SENSOR: flow meter reading within range
2026-06-14T02:42:52Z [INFO] ALARM: none
2026-06-14T02:43:42Z [WARN] DRUG_PROFILE: norepinephrine unit=mcg/h rate=1.2 status=ACTIVE
2026-06-14T02:44:40Z [INFO] NET: HL7 feed acknowledged by HIS
2026-06-14T02:45:47Z [INFO] SENSOR: flow meter reading within range
2026-06-14T02:46:08Z [INFO] NET: HL7 feed acknowledged by HIS
2026-06-14T02:47:40Z [WARN] SENSOR: flow meter reading within range
2026-06-14T02:48:05Z [WARN] SENSOR: flow meter reading within range
2026-06-14T02:49:06Z [INFO] DISPLAY: LCD refresh OK
2026-06-14T02:50:31Z [INFO] AUDIT: parameter check passed
2026-06-14T02:51:59Z [INFO] DISPLAY: LCD refresh OK
2026-06-14T02:52:27Z [INFO] NET: HL7 feed acknowledged by HIS
2026-06-14T02:53:12Z [INFO] NET: HL7 feed acknowledged by HIS
2026-06-14T02:54:33Z [WARN] ALARM: none
2026-06-14T02:55:40Z [INFO] DISPLAY: LCD refresh OK
2026-06-14T02:56:31Z [INFO] NET: HL7 feed acknowledged by HIS
2026-06-14T02:57:52Z [INFO] ALARM: none
2026-06-14T02:58:30Z [INFO] AUDIT: parameter check passed
2026-06-14T02:59:25Z [INFO] NET: HL7 feed acknowledged by HIS
2026-06-14T03:00:36Z [WARN] DISPLAY: LCD refresh OK
2026-06-14T03:01:54Z [INFO] DISPLAY: LCD refresh OK
2026-06-14T03:02:23Z [INFO] SENSOR: flow meter reading within range
2026-06-14T03:03:00Z [INFO] FW=2.18.3 heartbeat OK; pump rate stable
2026-06-14T03:04:31Z [WARN] SENSOR: flow meter reading within range
2026-06-14T03:05:13Z [INFO] FW=2.18.3 heartbeat OK; pump rate stable
2026-06-14T03:06:05Z [INFO] AUDIT: parameter check passed
2026-06-14T03:07:57Z [WARN] SENSOR: flow meter reading within range
2026-06-14T03:08:26Z [INFO] SYS: watchdog reset; uptime=34h
2026-06-14T03:09:55Z [INFO] SENSOR: flow meter reading within range
2026-06-14T23:47:51Z [WARN] FW=2.18.3 patch applied; UNIT_MODE_DEFAULT changed from mcg/h to mg/h by firmware initialisation routine
2026-06-14T03:10:04Z [INFO] DRUG_PROFILE: norepinephrine unit=mcg/h rate=1.2 status=ACTIVE
2026-06-14T23:48:07Z [CRIT] DOSE_ALARM: delivered=12.0 mg/h prescribed=1.2 mcg/h; ratio=10.0x; UNIT_MODE=mg/h EXPECTED=mcg/h
2026-06-14T03:11:41Z [WARN] DISPLAY: LCD refresh OK
2026-06-14T03:12:54Z [INFO] NET: HL7 feed acknowledged by HIS
2026-06-14T03:13:34Z [INFO] SENSOR: flow meter reading within range
2026-06-14T03:14:55Z [INFO] NET: HL7 feed acknowledged by HIS
2026-06-14T03:15:05Z [INFO] DISPLAY: LCD refresh OK
2026-06-14T03:16:11Z [WARN] SENSOR: flow meter reading within range
2026-06-14T03:17:30Z [INFO] FW=2.18.3 heartbeat OK; pump rate stable
2026-06-14T03:18:39Z [INFO] DRUG_PROFILE: norepinephrine unit=mcg/h rate=1.2 status=ACTIVE
2026-06-14T03:19:49Z [INFO] AUDIT: parameter check passed
2026-06-14T03:20:36Z [INFO] AUDIT: parameter check passed
2026-06-14T03:21:06Z [INFO] ALARM: none
2026-06-14T03:22:35Z [WARN] DISPLAY: LCD refresh OK
2026-06-14T03:23:57Z [INFO] ALARM: none
2026-06-14T03:24:28Z [INFO] ALARM: none
2026-06-14T03:25:52Z [WARN] AUDIT: parameter check passed
2026-06-14T03:26:33Z [INFO] AUDIT: parameter check passed
2026-06-14T03:27:22Z [INFO] SENSOR: flow meter reading within range
2026-06-14T03:28:55Z [INFO] AUDIT: parameter check passed
2026-06-14T03:29:19Z [INFO] FW=2.18.3 heartbeat OK; pump rate stable
2026-06-14T03:30:16Z [INFO] SENSOR: flow meter reading within range
2026-06-14T03:31:20Z [INFO] DISPLAY: LCD refresh OK
2026-06-14T03:32:36Z [INFO] DISPLAY: LCD refresh OK
2026-06-14T03:33:19Z [INFO] SYS: watchdog reset; uptime=47h
2026-06-14T03:34:16Z [INFO] ALARM: none
2026-06-14T03:35:00Z [WARN] AUDIT: parameter check passed
2026-06-14T03:36:37Z [INFO] FW=2.18.3 heartbeat OK; pump rate stable
2026-06-14T03:37:46Z [INFO] DISPLAY: LCD refresh OK
2026-06-14T03:38:46Z [WARN] FW=2.18.3 heartbeat OK; pump rate stable
2026-06-14T03:39:00Z [INFO] DISPLAY: LCD refresh OK
